
nstates:  3
alphabet: 0 1 
nsym:     2
start:    0
fin:      2 
nfin:     1
delta:    
        |   0 |   1 
    ----|-----|-----
       0|   1    -1  
       1|   2    -1  
       2|  -1    -1  

nstates:  3
alphabet: 0 1 
nsym:     2
start:    0
fin:      2 
nfin:     1
delta:    
        |   0 |   1 
    ----|-----|-----
       0|  -1     1  
       1|  -1     2  
       2|  -1    -1  

nstates:  5
alphabet: 0 1 
nsym:     2
start:    0
fin:      4 
nfin:     1
delta:    
        |   0 |   1 
    ----|-----|-----
       0|   1    -1  
       1|   2    -1  
       2|  -1     3  
       3|  -1     4  
       4|  -1    -1  
u rejects 00
u accepts 0011
u rejects 11
