
nstates:  7
alphabet: 0 1 2 3 4 5 
nsym:     6
start:    4
fin:      5 2 
nfin:     2
delta:    
        |   0 |   1 |   2 |   3 |   4 |   5 
    ----|-----|-----|-----|-----|-----|-----
       0|   4    -1    -1    -1    -1    -1  
       1|   3    -1    -1    -1    -1    -1  
       2|  -1    -1    -1    -1    -1    -1  
       3|  -1    -1    -1    -1    -1    -1  
       4|  -1    -1     5    -1    -1    -1  
       5|  -1    -1    -1    -1    -1    -1  
       6|  -1    -1    -1    -1    -1    -1  
