u rejects 00
u rejects 11
u rejects 0
u rejects 111
